..........X..X.X....
....................
....................
..........X.........
..................

Failed tests:

✖ the Katchimeras tab renders the hex selector first while companion Back returns there (30.9462ms)
  AssertionError [ERR_ASSERTION]: The input did not match the regular expression /return isFocused \? \([\s\S]*?<FocusedKatchimeraRosterBoundary[\s\S]*?worldSession=\{worldSession\}[\s\S]*?\) : null/. Input:
  
  "import { useStepplingGardenLesson } from '@/features/onboarding/steppling-garden-runtime';\n" +
    "import { useGlowDiscoveryState } from '@/features/onboarding/glow-discovery-runtime';\n" +
    "import { glowDiscoveryResumeWorld } from '@/features/onboarding/glow-discovery-flow';\n" +
    "import { useCompanionCameraCover } from '@/hooks/use-companion-camera-cover';\n" +
    "import { useFocusEffect, useIsFocused } from '@react-navigation/native';\n" +
    "import { useRouter } from 'expo-router';\n" +
    "import { GLOW_GATEWAY_ID } from '@/utils/merge-world/glow-discovery-policy';\n" +
    "import { sharedWorldIncludesCompanion } from '@/constants/shared-world';\n" +
    "import { lazy, Suspense, useCallback, useEffect, useMemo, useRef, useState, type RefObject } from 'react';\n" +
    "import { BackHandler, Pressable, StyleSheet, View, type View as ViewType } from 'react-native';\n" +
    "import { useSafeAreaInsets } from 'react-native-safe-area-context';\n" +
    '\n' +
    'import {\n' +
    '  HavenHexSelectorCanvas,\n' +
    '  IMPLEMENTED_KATCHIMERA_WORLDS,\n' +
    '  type HavenWorldMarker,\n' +
    "} from '@/components/katchadeck/world/haven-hex-selector-canvas';\n" +
    "import { GameCurrencyHud } from '@/components/katchadeck/ui/game-currency-hud';\n" +
    "import { GameHudBar } from '@/components/katchadeck/ui/game-primitives';\n" +
    "import { EggAvatar } from '@/components/katchadeck/egg-avatar/egg-avatar';\n" +
    'import {\n' +
    '  type KingdomResidentStatusGlyph,\n' +
    "} from '@/components/katchadeck/world/kingdom-hex-canvas';\n" +
    "import { useAllDays } from '@/hooks/use-all-days';\n" +
    "import { useCompanionDiscoveryRecords } from '@/hooks/use-companion-discovery-records';\n" +
    "import { useDevAllKatchimerasAvailable } from '@/hooks/use-dev-all-katchimeras-available';\n" +
    "import { homeRepository } from '@/storage/repositories/home-repository';\n" +
    "import type { KingdomCreature } from '@/types/kingdom';\n" +
    "import { loadCompanionBondState } from '@/utils/companion-bond-storage';\n" +
    "import { todayAtmosphereBackgroundForDay, type TodayAtmosphereBackground } from '@/utils/day-background-scene';\n" +
    "import { companionIdResolverForHomeState } from '@/utils/katchimera-identity';\n" +
    "import { loadCompanionQuests, questFor } from '@/utils/katchimera-quests';\n" +
    "import { applyWardrobeToKingdom } from '@/utils/katchimera-wardrobe';\n" +
    "import { loadKatchimeraWardrobe } from '@/utils/katchimera-wardrobe-storage';\n" +
    "import { deriveKingdom } from '@/utils/kingdom-engine';\n" +
    "import { deriveResidents, type HatchRecord } from '@/utils/kingdom-residents';\n" +
    "import { withDevAvailableKatchimeras } from '@/utils/dev-katchimera-availability';\n" +
    "import { withDiscoveredKatchimeras } from '@/utils/discovered-katchimera-availability';\n" +
    "import { kingdomCompanionHexSlots, type KingdomHexCompanionSlot } from '@/utils/katchimera-kingdom-slots';\n" +
    "import { useGameScreenTransition, useGameSurfaceReadiness } from '@/features/navigation/game-screen-transition';\n" +
    "import type { KatchimeraFamilyId } from '@/types/katchimera';\n" +
    "import type { MergeCharacterId, MergeWorldState } from '@/types/merge-world';\n" +
    "import { MergeWorldProvider, useMergeWorldState } from '@/features/merge-world/merge-world-provider';\n" +
    "import { advanceFtueActionDurably, commitFtueAction, useFtueRun } from '@/features/onboarding/ftue-runtime';\n" +
    "import { useHavenTileStages } from '@/hooks/use-haven-tile-stages';\n" +
    "import { useEggAvatar } from '@/features/egg-avatar/egg-avatar-provider';\n" +
    "import { GAME_CURRENCY_ART } from '@/constants/game-currency-art';\n" +
    "import { ftueLocksSurfaceNavigation } from '@/features/onboarding/ftue-navigation-policy';\n" +
    "import { loadWorldIdentity } from '@/utils/world-identity';\n" +
    "import { deriveTomorrowDayRecord, hydrateAllDays } from '@/game/days';\n" +
    "import { loadOnboardingProfile } from '@/utils/onboarding-state';\n" +
    "import { katchimeraFamilyById } from '@/constants/katchimera-skins';\n" +
    "import { resolveCreatureArtSource } from '@/utils/creature-art';\n" +
    "import { deriveHavenTilePresentation } from '@/utils/haven-tile-presentation';\n" +
    "import { readyMergeOrderIds } from '@/utils/merge-world/engine';\n" +
    "import type { KingdomCameraSnapshot } from '@/utils/kingdom-rendering';\n" +
    "import { mossproutWorldUsesEggRenderer, type WorldFtueSubjectPresentation } from '@/components/katchadeck/world/world-ftue-subject-presentation';\n" +
    "import type { MossproutWorldInteractionRequest } from '@/components/katchadeck/world/mossprout-world-interaction';\n" +
    '\n' +
    "type KatchimeraKingdomScreenModule = typeof import('@/components/katchadeck/roster/katchimera-kingdom-screen');\n" +
    '\n' +
    'let katchimeraKingdomScreenModulePromise: Promise<KatchimeraKingdomScreenModule> | null = null;\n' +
    '\n' +
    'function loadKatchimeraKingdomScreenModule() {\n' +
    "  katchimeraKingdomScreenModulePromise ??= import('@/components/katchadeck/roster/katchimera-kingdom-screen');\n" +
    '  return katchimeraKingdomScreenModulePromise;\n' +
    '}\n' +
    '\n' +
    'const LazyKatchimeraKingdomScreen = lazy(async () => {\n' +
    '  const module = await loadKatchimeraKingdomScreenModule();\n' +
    '  return { default: module.KatchimeraKingdomScreen };\n' +
    '});\n' +
    '\n' +
    'function cameraSnapshotsEqual(left: KingdomCameraSnapshot | null, right: KingdomCameraSnapshot | null) {\n' +
    '  if (left === right) return true;\n' +
    '  if (!left || !right) return false;\n' +
    '  return Math.abs(left.tx - right.tx) < 0.01\n' +
    '    && Math.abs(left.ty - right.ty) < 0.01\n' +
    '    && Math.abs(left.scale - right.scale) < 0.0001;\n' +
    '}\n' +
    '\n' +
    'function hatchTimestamp(creature: KingdomCreature, index: number): number {\n' +
    '  const time = Date.parse(`${creature.isoDate}T00:00:00`);\n' +
    '  return Number.isFinite(time) ? time + index : index;\n' +
    '}\n' +
    '\n' +
    'function loadRosterPersistentState() {\n' +
    '  const homeState = homeRepository.load();\n' +
    '  const resolveCompanionId = companionIdResolverForHomeState(homeState);\n' +
    '  const quests = loadCompanionQuests(resolveCompanionId);\n' +
    '  return {\n' +
    '    bond: loadCompanionBondState(quests, resolveCompanionId, homeState),\n' +
    '    quests,\n' +
    '    wardrobe: loadKatchimeraWardrobe(),\n' +
    '  };\n' +
    '}\n' +
    '\n' +
    'type RosterPersistentState = ReturnType<typeof loadRosterPersistentState>;\n' +
    '\n' +
    'function rosterPersistentFingerprint(state: RosterPersistentState): string {\n' +
    '  const activeQuestOwners = state.quests.quests\n' +
    '    .filter((quest) => !quest.completedAt)\n' +
    '    .map((quest) => quest.creatureId)\n' +
    '    .sort();\n' +
    '  const equippedSkins = Object.entries(state.wardrobe.equippedByFamily)\n' +
    '    .sort(([left], [right]) => left.localeCompare(right));\n' +
    '  return JSON.stringify([state.bond.events, activeQuestOwners, equippedSkins]);\n' +
    '}\n' +
    '\n' +
    'function loadRosterPersistentSnapshot() {\n' +
    '  const state = loadRosterPersistentState();\n' +
    '  return { fingerprint: rosterPersistentFingerprint(state), state };\n' +
    '}\n' +
    '\n' +
    '/**\n' +
    ' * The tab owns only the collection read model. Companion, journey, discovery,\n' +
    ' * journal, and mini-game controllers mount on their dedicated routes.\n' +
    ' */\n' +
    'export type KatchimeraWorldSession = {\n' +
    '  cameraSnapshots?: Partial<Record<KatchimeraFamilyId, KingdomCameraSnapshot>>;\n' +
    '  activeWorldFamilyId: KatchimeraFamilyId | null;\n' +
    '  cameraSnapshot: KingdomCameraSnapshot | null;\n' +
    '};\n' +
    '\n' +
    'type KatchimeraRosterRouteScreenProps = {\n' +
    '  interactionRequest?: MossproutWorldInteractionRequest | null;\n' +
    '  onInteractionRequestConsumed?: () => void;\n' +
    '  onWorldSessionChange?: (session: KatchimeraWorldSession) => void;\n' +
    '  worldEggTargetRef?: RefObject<ViewType | null>;\n' +
    '  worldSession?: KatchimeraWorldSession;\n' +
    '  worldSubjectPresentation?: WorldFtueSubjectPresentation | null;\n' +
    '};\n' +
    '\n' +
    'const EMPTY_WORLD_SESSION: KatchimeraWorldSession = { activeWorldFamilyId: null, cameraSnapshot: null };\n' +
    '\n' +
    'export function KatchimeraRosterRouteScreen({\n' +
    '  interactionRequest = null,\n' +
    '  onInteractionRequestConsumed,\n' +
    '  onWorldSessionChange,\n' +
    '  worldEggTargetRef,\n' +
    '  worldSession = EMPTY_WORLD_SESSION,\n' +
    '  worldSubjectPresentation = null,\n' +
    '}: KatchimeraRosterRouteScreenProps = {}) {\n' +
    '  const isFocused = useIsFocused();\n' +
    "  const cameraCovered = useCompanionCameraCover('/katchimeras');\n" +
    '  return isFocused || cameraCovered ? (\n' +
    '    <FocusedKatchimeraRosterBoundary\n' +
    '      interactionRequest={interactionRequest}\n' +
    '      onInteractionRequestConsumed={onInteractionRequestConsumed}\n' +
    '      onWorldSessionChange={onWorldSessionChange}\n' +
    '      worldEggTargetRef={worldEggTargetRef}\n' +
    '      worldSession={worldSession}\n' +
    '      worldSubjectPresentation={worldSubjectPresentation}\n' +
    '    />\n' +
    '  ) : null;\n' +
    '}\n' +
    '\n' +
    "function FocusedKatchimeraRosterBoundary({ interactionRequest, onInteractionRequestConsumed, onWorldSessionChange, worldEggTargetRef, worldSession, worldSubjectPresentation }: Required<Pick<KatchimeraRosterRouteScreenProps, 'worldSession'>> & Pick<KatchimeraRosterRouteScreenProps, 'interactionRequest' | 'onInteractionRequestConsumed' | 'onWorldSessionChange' | 'worldEggTargetRef' | 'worldSubjectPresentation'>) {\n" +
    '  const { days } = useAllDays({ refreshOnFocus: false });\n' +
    '  const mergePersistent = useMemo(() => {\n' +
    '    const now = new Date();\n' +
    '    const homeState = homeRepository.load();\n' +
    '    const profile = loadOnboardingProfile();\n' +
    '    const hydratedDays = hydrateAllDays(homeState, profile, now);\n' +
    '    const currentDays = hydratedDays.length > 0 ? hydratedDays : days;\n' +
    '    const activityDays = homeState?.tomorrow\n' +
    '      ? [...currentDays, deriveTomorrowDayRecord(homeState, profile, now)]\n' +
    '      : currentDays;\n' +
    '    const resolveCompanionId = companionIdResolverForHomeState(homeState);\n' +
    '    return {\n' +
    '      activityDays,\n' +
    "      characterIds: ['mossprout'],\n" +
    '      quests: loadCompanionQuests(resolveCompanionId),\n' +
    '    };\n' +
    '  }, [days]);\n' +
    '\n' +
    '  return (\n' +
    '    <MergeWorldProvider\n' +
    '      active\n' +
    '      characterIds={mergePersistent.characterIds}\n' +
    '      days={mergePersistent.activityDays}\n' +
    '      featuredCharacterId="mossprout"\n' +
    '      questState={mergePersistent.quests}>\n' +
    '      <FocusedKatchimeraRoster days={days} interactionRequest={interactionRequest} onInteractionRequestConsumed={onInteractionRequestConsumed} onWorldSessionChange={onWorldSessionChange} worldEggTargetRef={worldEggTargetRef} worldSession={worldSession} worldSubjectPresentation={worldSubjectPresentation} />\n' +
    '    </MergeWorldProvider>\n' +
    '  );\n' +
    '}\n' +
    '\n' +
    'function FocusedKatchimeraRoster({ days, interactionRequest, onInteractionRequestConsumed, onWorldSessionChange, worldEggTargetRef, worldSession, worldSubjectPresentation }: {\n' +
    "  days: ReturnType<typeof useAllDays>['days'];\n" +
    '  interactionRequest?: MossproutWorldInteractionRequest | null;\n' +
    '  onInteractionRequestConsumed?: () => void;\n' +
    '  onWorldSes'... 17062 more characters
  
      at TestContext.<anonymous> (C:\Users\daruk\Projects\Katchimeras\katchimeras\apps\katchimeras\tests\katchimera-roster.test.ts:311:10)
      at Test.runInAsyncScope (node:async_hooks:211:14)
      at Test.run (node:internal/test_runner/test:934:25)
      at Test.processPendingSubtests (node:internal/test_runner/test:633:18)
      at Test.postRun (node:internal/test_runner/test:1045:19)
      at Test.run (node:internal/test_runner/test:973:12)
      at async Test.processPendingSubtests (node:internal/test_runner/test:633:7) {
    generatedMessage: true,
    code: 'ERR_ASSERTION',
    actual: 'import { useStepplingGardenLesson } from \'@/features/onboarding/steppling-garden-runtime\';\nimport { useGlowDiscoveryState } from \'@/features/onboarding/glow-discovery-runtime\';\nimport { glowDiscoveryResumeWorld } from \'@/features/onboarding/glow-discovery-flow\';\nimport { useCompanionCameraCover } from \'@/hooks/use-companion-camera-cover\';\nimport { useFocusEffect, useIsFocused } from \'@react-navigation/native\';\nimport { useRouter } from \'expo-router\';\nimport { GLOW_GATEWAY_ID } from \'@/utils/merge-world/glow-discovery-policy\';\nimport { sharedWorldIncludesCompanion } from \'@/constants/shared-world\';\nimport { lazy, Suspense, useCallback, useEffect, useMemo, useRef, useState, type RefObject } from \'react\';\nimport { BackHandler, Pressable, StyleSheet, View, type View as ViewType } from \'react-native\';\nimport { useSafeAreaInsets } from \'react-native-safe-area-context\';\n\nimport {\n  HavenHexSelectorCanvas,\n  IMPLEMENTED_KATCHIMERA_WORLDS,\n  type HavenWorldMarker,\n} from \'@/components/katchadeck/world/haven-hex-selector-canvas\';\nimport { GameCurrencyHud } from \'@/components/katchadeck/ui/game-currency-hud\';\nimport { GameHudBar } from \'@/components/katchadeck/ui/game-primitives\';\nimport { EggAvatar } from \'@/components/katchadeck/egg-avatar/egg-avatar\';\nimport {\n  type KingdomResidentStatusGlyph,\n} from \'@/components/katchadeck/world/kingdom-hex-canvas\';\nimport { useAllDays } from \'@/hooks/use-all-days\';\nimport { useCompanionDiscoveryRecords } from \'@/hooks/use-companion-discovery-records\';\nimport { useDevAllKatchimerasAvailable } from \'@/hooks/use-dev-all-katchimeras-available\';\nimport { homeRepository } from \'@/storage/repositories/home-repository\';\nimport type { KingdomCreature } from \'@/types/kingdom\';\nimport { loadCompanionBondState } from \'@/utils/companion-bond-storage\';\nimport { todayAtmosphereBackgroundForDay, type TodayAtmosphereBackground } from \'@/utils/day-background-scene\';\nimport { companionIdResolverForHomeState } from \'@/utils/katchimera-identity\';\nimport { loadCompanionQuests, questFor } from \'@/utils/katchimera-quests\';\nimport { applyWardrobeToKingdom } from \'@/utils/katchimera-wardrobe\';\nimport { loadKatchimeraWardrobe } from \'@/utils/katchimera-wardrobe-storage\';\nimport { deriveKingdom } from \'@/utils/kingdom-engine\';\nimport { deriveResidents, type HatchRecord } from \'@/utils/kingdom-residents\';\nimport { withDevAvailableKatchimeras } from \'@/utils/dev-katchimera-availability\';\nimport { withDiscoveredKatchimeras } from \'@/utils/discovered-katchimera-availability\';\nimport { kingdomCompanionHexSlots, type KingdomHexCompanionSlot } from \'@/utils/katchimera-kingdom-slots\';\nimport { useGameScreenTransition, useGameSurfaceReadiness } from \'@/features/navigation/game-screen-transition\';\nimport type { KatchimeraFamilyId } from \'@/types/katchimera\';\nimport type { MergeCharacterId, MergeWorldState } from \'@/types/merge-world\';\nimport { MergeWorldProvider, useMergeWorldState } from \'@/features/merge-world/merge-world-provider\';\nimport { advanceFtueActionDurably, commitFtueAction, useFtueRun } from \'@/features/onboarding/ftue-runtime\';\nimport { useHavenTileStages } from \'@/hooks/use-haven-tile-stages\';\nimport { useEggAvatar } from \'@/features/egg-avatar/egg-avatar-provider\';\nimport { GAME_CURRENCY_ART } from \'@/constants/game-currency-art\';\nimport { ftueLocksSurfaceNavigation } from \'@/features/onboarding/ftue-navigation-policy\';\nimport { loadWorldIdentity } from \'@/utils/world-identity\';\nimport { deriveTomorrowDayRecord, hydrateAllDays } from \'@/game/days\';\nimport { loadOnboardingProfile } from \'@/utils/onboarding-state\';\nimport { katchimeraFamilyById } from \'@/constants/katchimera-skins\';\nimport { resolveCreatureArtSource } from \'@/utils/creature-art\';\nimport { deriveHavenTilePresentation } from \'@/utils/haven-tile-presentation\';\nimport { readyMergeOrderIds } from \'@/utils/merge-world/engine\';\nimport type { KingdomCameraSnapshot } from \'@/utils/kingdom-rendering\';\nimport { mossproutWorldUsesEggRenderer, type WorldFtueSubjectPresentation } from \'@/components/katchadeck/world/world-ftue-subject-presentation\';\nimport type { MossproutWorldInteractionRequest } from \'@/components/katchadeck/world/mossprout-world-interaction\';\n\ntype KatchimeraKingdomScreenModule = typeof import(\'@/components/katchadeck/roster/katchimera-kingdom-screen\');\n\nlet katchimeraKingdomScreenModulePromise: Promise<KatchimeraKingdomScreenModule> | null = null;\n\nfunction loadKatchimeraKingdomScreenModule() {\n  katchimeraKingdomScreenModulePromise ??= import(\'@/components/katchadeck/roster/katchimera-kingdom-screen\');\n  return katchimeraKingdomScreenModulePromise;\n}\n\nconst LazyKatchimeraKingdomScreen = lazy(async () => {\n  const module = await loadKatchimeraKingdomScreenModule();\n  return { default: module.KatchimeraKingdomScreen };\n});\n\nfunction cameraSnapshotsEqual(left: KingdomCameraSnapshot | null, right: KingdomCameraSnapshot | null) {\n  if (left === right) return true;\n  if (!left || !right) return false;\n  return Math.abs(left.tx - right.tx) < 0.01\n    && Math.abs(left.ty - right.ty) < 0.01\n    && Math.abs(left.scale - right.scale) < 0.0001;\n}\n\nfunction hatchTimestamp(creature: KingdomCreature, index: number): number {\n  const time = Date.parse(`${creature.isoDate}T00:00:00`);\n  return Number.isFinite(time) ? time + index : index;\n}\n\nfunction loadRosterPersistentState() {\n  const homeState = homeRepository.load();\n  const resolveCompanionId = companionIdResolverForHomeState(homeState);\n  const quests = loadCompanionQuests(resolveCompanionId);\n  return {\n    bond: loadCompanionBondState(quests, resolveCompanionId, homeState),\n    quests,\n    wardrobe: loadKatchimeraWardrobe(),\n  };\n}\n\ntype RosterPersistentState = ReturnType<typeof loadRosterPersistentState>;\n\nfunction rosterPersistentFingerprint(state: RosterPersistentState): string {\n  const activeQuestOwners = state.quests.quests\n    .filter((quest) => !quest.completedAt)\n    .map((quest) => quest.creatureId)\n    .sort();\n  const equippedSkins = Object.entries(state.wardrobe.equippedByFamily)\n    .sort(([left], [right]) => left.localeCompare(right));\n  return JSON.stringify([state.bond.events, activeQuestOwners, equippedSkins]);\n}\n\nfunction loadRosterPersistentSnapshot() {\n  const state = loadRosterPersistentState();\n  return { fingerprint: rosterPersistentFingerprint(state), state };\n}\n\n/**\n * The tab owns only the collection read model. Companion, journey, discovery,\n * journal, and mini-game controllers mount on their dedicated routes.\n */\nexport type KatchimeraWorldSession = {\n  cameraSnapshots?: Partial<Record<KatchimeraFamilyId, KingdomCameraSnapshot>>;\n  activeWorldFamilyId: KatchimeraFamilyId | null;\n  cameraSnapshot: KingdomCameraSnapshot | null;\n};\n\ntype KatchimeraRosterRouteScreenProps = {\n  interactionRequest?: MossproutWorldInteractionRequest | null;\n  onInteractionRequestConsumed?: () => void;\n  onWorldSessionChange?: (session: KatchimeraWorldSession) => void;\n  worldEggTargetRef?: RefObject<ViewType | null>;\n  worldSession?: KatchimeraWorldSession;\n  worldSubjectPresentation?: WorldFtueSubjectPresentation | null;\n};\n\nconst EMPTY_WORLD_SESSION: KatchimeraWorldSession = { activeWorldFamilyId: null, cameraSnapshot: null };\n\nexport function KatchimeraRosterRouteScreen({\n  interactionRequest = null,\n  onInteractionRequestConsumed,\n  onWorldSessionChange,\n  worldEggTargetRef,\n  worldSession = EMPTY_WORLD_SESSION,\n  worldSubjectPresentation = null,\n}: KatchimeraRosterRouteScreenProps = {}) {\n  const isFocused = useIsFocused();\n  const cameraCovered = useCompanionCameraCover(\'/katchimeras\');\n  return isFocused || cameraCovered ? (\n    <FocusedKatchimeraRosterBoundary\n      interactionRequest={interactionRequest}\n      onInteractionRequestConsumed={onInteractionRequestConsumed}\n      onWorldSessionChange={onWorldSessionChange}\n      worldEggTargetRef={worldEggTargetRef}\n      worldSession={worldSession}\n      worldSubjectPresentation={worldSubjectPresentation}\n    />\n  ) : null;\n}\n\nfunction FocusedKatchimeraRosterBoundary({ interactionRequest, onInteractionRequestConsumed, onWorldSessionChange, worldEggTargetRef, worldSession, worldSubjectPresentation }: Required<Pick<KatchimeraRosterRouteScreenProps, \'worldSession\'>> & Pick<KatchimeraRosterRouteScreenProps, \'interactionRequest\' | \'onInteractionRequestConsumed\' | \'onWorldSessionChange\' | \'worldEggTargetRef\' | \'worldSubjectPresentation\'>) {\n  const { days } = useAllDays({ refreshOnFocus: false });\n  const mergePersistent = useMemo(() => {\n    const now = new Date();\n    const homeState = homeRepository.load();\n    const profile = loadOnboardingProfile();\n    const hydratedDays = hydrateAllDays(homeState, profile, now);\n    const currentDays = hydratedDays.length > 0 ? hydratedDays : days;\n    const activityDays = homeState?.tomorrow\n      ? [...currentDays, deriveTomorrowDayRecord(homeState, profile, now)]\n      : currentDays;\n    const resolveCompanionId = companionIdResolverForHomeState(homeState);\n    return {\n      activityDays,\n      characterIds: [\'mossprout\'],\n      quests: loadCompanionQuests(resolveCompanionId),\n    };\n  }, [days]);\n\n  return (\n    <MergeWorldProvider\n      active\n      characterIds={mergePersistent.characterIds}\n      days={mergePersistent.activityDays}\n      featuredCharacterId="mossprout"\n      questState={mergePersistent.quests}>\n      <FocusedKatchimeraRoster days={days} interactionRequest={interactionRequest} onInteractionRequestConsumed={onInteractionRequestConsumed} onWorldSessionChange={onWorldSessionChange} worldEggTargetRef={worldEggTargetRef} worldSession={worldSession} worldSubjectPresentation={worldSubjectPresentation} />\n    </MergeWorldProvider>\n  );\n}\n\nfunction FocusedKatchimeraRoster({ days, interactionRequest, onInteractionRequestConsumed, onWorldSessionChange, worldEggTargetRef, worldSession, worldSubjectPresentation }: {\n  days: ReturnType<typeof useAllDays>[\'days\'];\n  interactionRequest?: MossproutWorldInteractionRequest | null;\n  onInteractionRequestConsumed?: () => void;\n  onWorldSes'... 17062 more characters,
    expected: /return isFocused \? \([\s\S]*?<FocusedKatchimeraRosterBoundary[\s\S]*?worldSession=\{worldSession\}[\s\S]*?\) : null/,
    operator: 'match'
  }
✖ the Mossprout sub-world routes Garden orders to the dedicated activity page (4.1588ms)
  AssertionError [ERR_ASSERTION]: The input did not match the regular expression /gardenOrders=\{\['world.garden_handoff', 'world.seed_planted'\].includes\(ftueStepId \?\? ''\) \? \[\] : gardenOrderEntries\}/. Input:
  
  "import { useStepplingGardenLesson } from '@/features/onboarding/steppling-garden-runtime';\n" +
    "import { advanceGlowUpgrade, recoverPaidGlowUpgrade } from '@/features/onboarding/glow-upgrade-runtime';\n" +
    "import { worldUpgradeRunId } from '@/features/world-upgrades/world-upgrade-flows';\n" +
    "import { visibleWorldUpgradeOffers, worldUpgradeOffers, worldUpgradeArchiveOffer, type WorldUpgradeOffer } from '@/features/world-upgrades/world-upgrade-offers';\n" +
    "import { purchaseWorldUpgrade, useWorldUpgradeRun } from '@/features/world-upgrades/world-upgrade-runtime';\n" +
    "import { dispatchContentFlowCommand } from '@/features/content-flow/content-flow-director';\n" +
    "import { WorldUpgradePanel } from '@/components/katchadeck/world/world-upgrade-panel';\n" +
    "import { WorldUpgradeReward } from '@/components/katchadeck/world/world-upgrade-reward';\n" +
    "import { worldUpgradeStory } from '@/features/world-upgrades/world-upgrade-stories';\n" +
    "import { useGlowEggHandoff } from '@/features/onboarding/use-glow-egg-handoff';\n" +
    "import { CompanionJournalButton } from '@/components/katchadeck/world/companion-life-actions';\n" +
    "import { useCallback, useEffect, useMemo, useRef, useState, type RefObject } from 'react';\n" +
    "import { ActivityIndicator, BackHandler, Pressable, StyleSheet, View, useWindowDimensions, type View as ViewType } from 'react-native';\n" +
    "import { useSafeAreaInsets } from 'react-native-safe-area-context';\n" +
    "import { Image } from 'expo-image';\n" +
    "import { useIsFocused } from '@react-navigation/native';\n" +
    "import { GlowGatewayGuide } from '@/components/katchadeck/world/glow-gateway-guide';\n" +
    "import { StepplingEncounterPanel } from '@/components/katchadeck/world/steppling-encounter-panel';\n" +
    "import { SHARED_EGG_REST_ZOOM, usesSharedResidentStage } from '@/components/katchadeck/world/shared-resident-presentation';\n" +
    "import { EggFeedOverlay } from '@/components/katchadeck/home/egg-feed-overlay';\n" +
    "import { useStepplingEncounter } from '@/features/onboarding/use-steppling-encounter';\n" +
    "import { startGlowDiscovery, submitGlowAction, useGlowDiscoveryState } from '@/features/onboarding/glow-discovery-runtime';\n" +
    "import { glowDiscoveryAllowsGarden, glowDiscoveryLocksCamera, glowDiscoveryResumeCamera, glowDiscoveryScene } from '@/features/onboarding/glow-discovery-flow';\n" +
    "import { ftueLocksCamera } from '@/features/onboarding/ftue-camera-policy';\n" +
    "import { glowGatewayState } from '@/utils/merge-world/glow-discovery-policy';\n" +
    "import { sharedWorldIncludesCompanion } from '@/constants/shared-world';\n" +
    "import * as Haptics from 'expo-haptics';\n" +
    "import { useRouter } from 'expo-router';\n" +
    'import Animated, {\n' +
    '  Easing,\n' +
    '  FadeIn,\n' +
    '  useAnimatedStyle,\n' +
    '  useReducedMotion,\n' +
    '  useSharedValue,\n' +
    '  withDelay,\n' +
    '  withTiming,\n' +
    "} from 'react-native-reanimated';\n" +
    '\n' +
    'import {\n' +
    '  KingdomHexCanvas,\n' +
    '  type KingdomResidentStatusGlyph,\n' +
    '  type KingdomTileUpgradeOffer,\n' +
    "} from '@/components/katchadeck/world/kingdom-hex-canvas';\n" +
    "import { KatchimeraCompanionRouteScreen } from '@/components/katchadeck/world/katchimera-companion-route-screen';\n" +
    "import { MossproutNatureIslandSheet } from '@/components/katchadeck/world/mossprout-nature-island-sheet';\n" +
    "import { HavenFtueOverlay } from '@/components/katchadeck/onboarding/haven-ftue-overlay';\n" +
    "import { FtueGuideCopy } from '@/components/katchadeck/onboarding/ftue-guide-copy';\n" +
    "import { FTUE_SCENE_LAYERS } from '@/constants/ftue-scene-layers';\n" +
    "import { KatchaSheet } from '@/components/katchadeck/ui/katcha-sheet';\n" +
    "import { KatchaButton } from '@/components/katchadeck/ui/katcha-button';\n" +
    "import { GameCurrencyHud } from '@/components/katchadeck/ui/game-currency-hud';\n" +
    "import { MergeFtueEggGuide } from '@/components/katchadeck/games/merge-ftue-overlay';\n" +
    "import { GameHudBar } from '@/components/katchadeck/ui/game-primitives';\n" +
    "import { KatchimeraBackButton } from '@/components/katchadeck/ui/katchimera-back-button';\n" +
    "import { ThemedText } from '@/components/themed-text';\n" +
    "import { GAME_CURRENCY_ART } from '@/constants/game-currency-art';\n" +
    "import { mossproutMemoryPlantById, mossproutMemoryPlantStage } from '@/constants/mossprout-memory-plants';\n" +
    "import { MOSSPROUT_FIRST_MEMORY_SLOT_ID } from '@/utils/mossprout-garden-layout';\n" +
    "import { AppFontFamilies } from '@/constants/theme';\n" +
    "import { useRelationshipProgression } from '@/hooks/use-relationship-progression';\n" +
    "import type { TodayAtmosphereBackground } from '@/utils/day-background-scene';\n" +
    "import { loadWorldIdentity } from '@/utils/world-identity';\n" +
    "import type { KingdomHexCompanionSlot } from '@/utils/katchimera-kingdom-slots';\n" +
    "import type { MergeCharacterId, MergeWorldState, MossproutGardenPlantSlotId, MossproutNatureIslandId, MossproutNatureIslandLevel, StoryWorldMutationReceipt } from '@/types/merge-world';\n" +
    "import type { KatchimeraFamilyId } from '@/types/katchimera';\n" +
    "import { HAVEN_ENVIRONMENTS, type HavenStage } from '@/constants/haven-catalog';\n" +
    "import { ensureStoredFirstFtueMemoryPlacement, saveUpgradeStoryRead } from '@/utils/merge-world/repository';\n" +
    "import { mossproutNatureIslandById, mossproutNatureIslandLevelDefinition } from '@/constants/mossprout-nature-islands';\n" +
    "import { havenHexTileSpec, kingdomHexTileSourceForLod } from '@/utils/world-visuals';\n" +
    "import type { HavenTileUpgradePresentation } from '@/utils/haven-upgrade-presentation';\n" +
    "import { deriveHavenTilePresentation } from '@/utils/haven-tile-presentation';\n" +
    "import { advanceFtueActionDurably, commitFtueAction, dispatchFtueEvent, loadFtueRun } from '@/features/onboarding/ftue-runtime';\n" +
    'import {\n' +
    '  MOSSPROUT_WORLD_EGG_CLOSE_ZOOM,\n' +
    '  MOSSPROUT_WORLD_EGG_ENTRY_ZOOM,\n' +
    '  MOSSPROUT_WORLD_EGG_REST_ZOOM,\n' +
    '  mossproutFtueStep,\n' +
    '  mossproutFtueUsesHostedCompanionStage,\n' +
    '  mossproutFtueShowsWorldGarden,\n' +
    "} from '@/features/onboarding/mossprout-ftue-script';\n" +
    "import { activeKatchimeraMeditation } from '@/game/katchimeras/relationship-progression';\n" +
    "import type { KingdomCameraSnapshot } from '@/utils/kingdom-rendering';\n" +
    "import { useGameScreenTransition } from '@/features/navigation/game-screen-transition';\n" +
    "import type { WorldFtueSubjectPresentation } from '@/components/katchadeck/world/world-ftue-subject-presentation';\n" +
    "import type { MossproutWorldInteractionRequest } from '@/components/katchadeck/world/mossprout-world-interaction';\n" +
    "import type { StoryWorldUpgradePresentationPayload } from '@/types/content-flow';\n" +
    'import {\n' +
    '  STORY_WORLD_UPGRADE_PRESENTATION,\n' +
    '  contentFlowEffectResult,\n' +
    "} from '@/features/content-flow/story-world-operations';\n" +
    "import { useStoryPresentationOperation } from '@/features/content-flow/use-story-presentation-operation';\n" +
    '\n' +
    'type Props = {\n' +
    '  background: TodayAtmosphereBackground;\n' +
    '  companionSlots: KingdomHexCompanionSlot[];\n' +
    '  onContentReady?: () => void;\n' +
    '  onBackToHavenSelector: () => void;\n' +
    '  navigationLocked?: boolean;\n' +
    '  interactionRequest?: MossproutWorldInteractionRequest | null;\n' +
    '  onInteractionRequestConsumed?: () => void;\n' +
    '  residentStatusGlyphs?: Partial<Record<string, KingdomResidentStatusGlyph>>;\n' +
    '  mergeWorld: MergeWorldState;\n' +
    '  ftueStepId?: string;\n' +
    '  onFtueRestore?: () => void;\n' +
    '  onFtueInspect?: () => void;\n' +
    '  onFtueOpenGarden?: () => void;\n' +
    '  initialCameraSnapshot?: KingdomCameraSnapshot | null;\n' +
    '  onCameraSnapshotChange?: (snapshot: KingdomCameraSnapshot) => void;\n' +
    '  worldEggTargetRef?: RefObject<ViewType | null>;\n' +
    '  worldSubjectPresentation?: WorldFtueSubjectPresentation | null;\n' +
    '};\n' +
    '\n' +
    "const GARDEN_BUTTON_ART = require('@incubator/art-world/square/mossprout-garden-button-v1-256.webp');\n" +
    'const FIRST_SEED_GARDEN_PLANT_OFFER = {\n' +
    "  accessibilityHint: 'Plants your first Memory Seed in the highlighted Garden patch',\n" +
    "  placement: 'below',\n" +
    '  gap: 12,\n' +
    "  icon: 'leaf.fill',\n" +
    "  label: 'Plant Seed',\n" +
    "  target: { kind: 'haven_garden_plot', slotId: MOSSPROUT_FIRST_MEMORY_SLOT_ID },\n" +
    '} as const satisfies KingdomTileUpgradeOffer;\n' +
    '\n' +
    'function FtueOpeningFade() {\n' +
    '  const reduceMotion = useReducedMotion();\n' +
    '  const opacity = useSharedValue(1);\n' +
    '  const animatedStyle = useAnimatedStyle(() => ({ opacity: opacity.value }));\n' +
    '\n' +
    '  useEffect(() => {\n' +
    '    opacity.value = withDelay(\n' +
    '      reduceMotion ? 0 : 120,\n' +
    '      withTiming(0, {\n' +
    '        duration: reduceMotion ? 140 : 1_350,\n' +
    '        easing: Easing.out(Easing.cubic),\n' +
    '      }),\n' +
    '    );\n' +
    '  }, [opacity, reduceMotion]);\n' +
    '\n' +
    '  return <Animated.View pointerEvents="none" style={[StyleSheet.absoluteFill, styles.openingFade, animatedStyle]} />;\n' +
    '}\n' +
    '\n' +
    'export function KatchimeraKingdomScreen({\n' +
    '  background,\n' +
    '  companionSlots,\n' +
    '  onContentReady,\n' +
    '  onBackToHavenSelector,\n' +
    '  navigationLocked = false,\n' +
    '  interactionRequest,\n' +
    '  onInteractionRequestConsumed,\n' +
    '  residentStatusGlyphs,\n' +
    '  mergeWorld,\n' +
    '  ftueStepId,\n' +
    '  onFtueRestore,\n' +
    '  onFtueInspect,\n' +
    '  onFtueOpenGarden,\n' +
    '  initialCameraSnapshot,\n' +
    '  onCameraSnapshotChange,\n' +
    '  worldEggTargetRef,\n' +
    '  worldSubjectPresentation,\n' +
    '}: Props) {\n' +
    '  const router = useRouter();\n' +
    '  const { transitionTo } = useGameScreenTransition();\n' +
    '  const { run: glowRun, ready: glowReady } = useGlowDiscoveryState();\n' +
    '  const stepplingLesson = useStepplingGardenLesson();\n' +
    '  const stepplingLessonOpening = useRef(false);\n' +
    '  const stepplingEncounter = useStepplingEncounter(mergeWorld);\n' +
    '  const stepplingSurfaceOpen = stepplingEncounter.open;\n' +
    '  const { open: stepplingEggOpen, close: closeStepplingEgg } = stepplingEncounter;\n' +
    '  useEffect(() => {\n' +
    '    if (!stepplingSurfaceOpen) return;\n' +
    "    const subscription = BackHandler.addEventListener('hardwareBackPress', () => {\n" +
    '      if (stepplingEggOpen) closeStepplingEgg();\n' +
    '      return true;\n' +
    '    });\n' +
    '    return () => subscription.remove();\n' +
    '  }, [stepplingSurfaceOpen, stepplingEggOpen, closeStepplingEgg]);\n' +
    '  const screenFocused = useIsFocused();\n' +
    '  const [glowPanelOpen, setGlowPanelOpen] = useState(true);\n' +
    "  useEffect(() => { setGlowPanelOpen(glowRun?.status !== 'completed'); }, [glowRun?.status, glowRun?.nodeId]);\n" +
    '  const glowGatewayActive = Boolean(glowRun);\n' +
    "  const mistUpgradeActive = Boolean(glowRun && glowRun.status !== 'completed' && ['gateway.ready', 'gateway.return', 'gateway.offer', 'gateway.buy'].includes(glowRun.nodeId));\n" +
    '  const glowScene = glowRun ? glowDiscoveryScene(glowRun.nodeId) : null;\n' +
    '  const insets = useSafeAreaInsets();\n' +
    '  const window = useWindowDimensions();\n' +
    '  const r'... 67107 more characters
  
      at TestContext.<anonymous> (C:\Users\daruk\Projects\Katchimeras\katchimeras\apps\katchimeras\tests\katchimera-roster.test.ts:403:10)
      at Test.runInAsyncScope (node:async_hooks:211:14)
      at Test.run (node:internal/test_runner/test:934:25)
      at Test.processPendingSubtests (node:internal/test_runner/test:633:18)
      at Test.postRun (node:internal/test_runner/test:1045:19)
      at Test.run (node:internal/test_runner/test:973:12)
      at async Test.processPendingSubtests (node:internal/test_runner/test:633:7) {
    generatedMessage: true,
    code: 'ERR_ASSERTION',
    actual: `import { useStepplingGardenLesson } from '@/features/onboarding/steppling-garden-runtime';\nimport { advanceGlowUpgrade, recoverPaidGlowUpgrade } from '@/features/onboarding/glow-upgrade-runtime';\nimport { worldUpgradeRunId } from '@/features/world-upgrades/world-upgrade-flows';\nimport { visibleWorldUpgradeOffers, worldUpgradeOffers, worldUpgradeArchiveOffer, type WorldUpgradeOffer } from '@/features/world-upgrades/world-upgrade-offers';\nimport { purchaseWorldUpgrade, useWorldUpgradeRun } from '@/features/world-upgrades/world-upgrade-runtime';\nimport { dispatchContentFlowCommand } from '@/features/content-flow/content-flow-director';\nimport { WorldUpgradePanel } from '@/components/katchadeck/world/world-upgrade-panel';\nimport { WorldUpgradeReward } from '@/components/katchadeck/world/world-upgrade-reward';\nimport { worldUpgradeStory } from '@/features/world-upgrades/world-upgrade-stories';\nimport { useGlowEggHandoff } from '@/features/onboarding/use-glow-egg-handoff';\nimport { CompanionJournalButton } from '@/components/katchadeck/world/companion-life-actions';\nimport { useCallback, useEffect, useMemo, useRef, useState, type RefObject } from 'react';\nimport { ActivityIndicator, BackHandler, Pressable, StyleSheet, View, useWindowDimensions, type View as ViewType } from 'react-native';\nimport { useSafeAreaInsets } from 'react-native-safe-area-context';\nimport { Image } from 'expo-image';\nimport { useIsFocused } from '@react-navigation/native';\nimport { GlowGatewayGuide } from '@/components/katchadeck/world/glow-gateway-guide';\nimport { StepplingEncounterPanel } from '@/components/katchadeck/world/steppling-encounter-panel';\nimport { SHARED_EGG_REST_ZOOM, usesSharedResidentStage } from '@/components/katchadeck/world/shared-resident-presentation';\nimport { EggFeedOverlay } from '@/components/katchadeck/home/egg-feed-overlay';\nimport { useStepplingEncounter } from '@/features/onboarding/use-steppling-encounter';\nimport { startGlowDiscovery, submitGlowAction, useGlowDiscoveryState } from '@/features/onboarding/glow-discovery-runtime';\nimport { glowDiscoveryAllowsGarden, glowDiscoveryLocksCamera, glowDiscoveryResumeCamera, glowDiscoveryScene } from '@/features/onboarding/glow-discovery-flow';\nimport { ftueLocksCamera } from '@/features/onboarding/ftue-camera-policy';\nimport { glowGatewayState } from '@/utils/merge-world/glow-discovery-policy';\nimport { sharedWorldIncludesCompanion } from '@/constants/shared-world';\nimport * as Haptics from 'expo-haptics';\nimport { useRouter } from 'expo-router';\nimport Animated, {\n  Easing,\n  FadeIn,\n  useAnimatedStyle,\n  useReducedMotion,\n  useSharedValue,\n  withDelay,\n  withTiming,\n} from 'react-native-reanimated';\n\nimport {\n  KingdomHexCanvas,\n  type KingdomResidentStatusGlyph,\n  type KingdomTileUpgradeOffer,\n} from '@/components/katchadeck/world/kingdom-hex-canvas';\nimport { KatchimeraCompanionRouteScreen } from '@/components/katchadeck/world/katchimera-companion-route-screen';\nimport { MossproutNatureIslandSheet } from '@/components/katchadeck/world/mossprout-nature-island-sheet';\nimport { HavenFtueOverlay } from '@/components/katchadeck/onboarding/haven-ftue-overlay';\nimport { FtueGuideCopy } from '@/components/katchadeck/onboarding/ftue-guide-copy';\nimport { FTUE_SCENE_LAYERS } from '@/constants/ftue-scene-layers';\nimport { KatchaSheet } from '@/components/katchadeck/ui/katcha-sheet';\nimport { KatchaButton } from '@/components/katchadeck/ui/katcha-button';\nimport { GameCurrencyHud } from '@/components/katchadeck/ui/game-currency-hud';\nimport { MergeFtueEggGuide } from '@/components/katchadeck/games/merge-ftue-overlay';\nimport { GameHudBar } from '@/components/katchadeck/ui/game-primitives';\nimport { KatchimeraBackButton } from '@/components/katchadeck/ui/katchimera-back-button';\nimport { ThemedText } from '@/components/themed-text';\nimport { GAME_CURRENCY_ART } from '@/constants/game-currency-art';\nimport { mossproutMemoryPlantById, mossproutMemoryPlantStage } from '@/constants/mossprout-memory-plants';\nimport { MOSSPROUT_FIRST_MEMORY_SLOT_ID } from '@/utils/mossprout-garden-layout';\nimport { AppFontFamilies } from '@/constants/theme';\nimport { useRelationshipProgression } from '@/hooks/use-relationship-progression';\nimport type { TodayAtmosphereBackground } from '@/utils/day-background-scene';\nimport { loadWorldIdentity } from '@/utils/world-identity';\nimport type { KingdomHexCompanionSlot } from '@/utils/katchimera-kingdom-slots';\nimport type { MergeCharacterId, MergeWorldState, MossproutGardenPlantSlotId, MossproutNatureIslandId, MossproutNatureIslandLevel, StoryWorldMutationReceipt } from '@/types/merge-world';\nimport type { KatchimeraFamilyId } from '@/types/katchimera';\nimport { HAVEN_ENVIRONMENTS, type HavenStage } from '@/constants/haven-catalog';\nimport { ensureStoredFirstFtueMemoryPlacement, saveUpgradeStoryRead } from '@/utils/merge-world/repository';\nimport { mossproutNatureIslandById, mossproutNatureIslandLevelDefinition } from '@/constants/mossprout-nature-islands';\nimport { havenHexTileSpec, kingdomHexTileSourceForLod } from '@/utils/world-visuals';\nimport type { HavenTileUpgradePresentation } from '@/utils/haven-upgrade-presentation';\nimport { deriveHavenTilePresentation } from '@/utils/haven-tile-presentation';\nimport { advanceFtueActionDurably, commitFtueAction, dispatchFtueEvent, loadFtueRun } from '@/features/onboarding/ftue-runtime';\nimport {\n  MOSSPROUT_WORLD_EGG_CLOSE_ZOOM,\n  MOSSPROUT_WORLD_EGG_ENTRY_ZOOM,\n  MOSSPROUT_WORLD_EGG_REST_ZOOM,\n  mossproutFtueStep,\n  mossproutFtueUsesHostedCompanionStage,\n  mossproutFtueShowsWorldGarden,\n} from '@/features/onboarding/mossprout-ftue-script';\nimport { activeKatchimeraMeditation } from '@/game/katchimeras/relationship-progression';\nimport type { KingdomCameraSnapshot } from '@/utils/kingdom-rendering';\nimport { useGameScreenTransition } from '@/features/navigation/game-screen-transition';\nimport type { WorldFtueSubjectPresentation } from '@/components/katchadeck/world/world-ftue-subject-presentation';\nimport type { MossproutWorldInteractionRequest } from '@/components/katchadeck/world/mossprout-world-interaction';\nimport type { StoryWorldUpgradePresentationPayload } from '@/types/content-flow';\nimport {\n  STORY_WORLD_UPGRADE_PRESENTATION,\n  contentFlowEffectResult,\n} from '@/features/content-flow/story-world-operations';\nimport { useStoryPresentationOperation } from '@/features/content-flow/use-story-presentation-operation';\n\ntype Props = {\n  background: TodayAtmosphereBackground;\n  companionSlots: KingdomHexCompanionSlot[];\n  onContentReady?: () => void;\n  onBackToHavenSelector: () => void;\n  navigationLocked?: boolean;\n  interactionRequest?: MossproutWorldInteractionRequest | null;\n  onInteractionRequestConsumed?: () => void;\n  residentStatusGlyphs?: Partial<Record<string, KingdomResidentStatusGlyph>>;\n  mergeWorld: MergeWorldState;\n  ftueStepId?: string;\n  onFtueRestore?: () => void;\n  onFtueInspect?: () => void;\n  onFtueOpenGarden?: () => void;\n  initialCameraSnapshot?: KingdomCameraSnapshot | null;\n  onCameraSnapshotChange?: (snapshot: KingdomCameraSnapshot) => void;\n  worldEggTargetRef?: RefObject<ViewType | null>;\n  worldSubjectPresentation?: WorldFtueSubjectPresentation | null;\n};\n\nconst GARDEN_BUTTON_ART = require('@incubator/art-world/square/mossprout-garden-button-v1-256.webp');\nconst FIRST_SEED_GARDEN_PLANT_OFFER = {\n  accessibilityHint: 'Plants your first Memory Seed in the highlighted Garden patch',\n  placement: 'below',\n  gap: 12,\n  icon: 'leaf.fill',\n  label: 'Plant Seed',\n  target: { kind: 'haven_garden_plot', slotId: MOSSPROUT_FIRST_MEMORY_SLOT_ID },\n} as const satisfies KingdomTileUpgradeOffer;\n\nfunction FtueOpeningFade() {\n  const reduceMotion = useReducedMotion();\n  const opacity = useSharedValue(1);\n  const animatedStyle = useAnimatedStyle(() => ({ opacity: opacity.value }));\n\n  useEffect(() => {\n    opacity.value = withDelay(\n      reduceMotion ? 0 : 120,\n      withTiming(0, {\n        duration: reduceMotion ? 140 : 1_350,\n        easing: Easing.out(Easing.cubic),\n      }),\n    );\n  }, [opacity, reduceMotion]);\n\n  return <Animated.View pointerEvents="none" style={[StyleSheet.absoluteFill, styles.openingFade, animatedStyle]} />;\n}\n\nexport function KatchimeraKingdomScreen({\n  background,\n  companionSlots,\n  onContentReady,\n  onBackToHavenSelector,\n  navigationLocked = false,\n  interactionRequest,\n  onInteractionRequestConsumed,\n  residentStatusGlyphs,\n  mergeWorld,\n  ftueStepId,\n  onFtueRestore,\n  onFtueInspect,\n  onFtueOpenGarden,\n  initialCameraSnapshot,\n  onCameraSnapshotChange,\n  worldEggTargetRef,\n  worldSubjectPresentation,\n}: Props) {\n  const router = useRouter();\n  const { transitionTo } = useGameScreenTransition();\n  const { run: glowRun, ready: glowReady } = useGlowDiscoveryState();\n  const stepplingLesson = useStepplingGardenLesson();\n  const stepplingLessonOpening = useRef(false);\n  const stepplingEncounter = useStepplingEncounter(mergeWorld);\n  const stepplingSurfaceOpen = stepplingEncounter.open;\n  const { open: stepplingEggOpen, close: closeStepplingEgg } = stepplingEncounter;\n  useEffect(() => {\n    if (!stepplingSurfaceOpen) return;\n    const subscription = BackHandler.addEventListener('hardwareBackPress', () => {\n      if (stepplingEggOpen) closeStepplingEgg();\n      return true;\n    });\n    return () => subscription.remove();\n  }, [stepplingSurfaceOpen, stepplingEggOpen, closeStepplingEgg]);\n  const screenFocused = useIsFocused();\n  const [glowPanelOpen, setGlowPanelOpen] = useState(true);\n  useEffect(() => { setGlowPanelOpen(glowRun?.status !== 'completed'); }, [glowRun?.status, glowRun?.nodeId]);\n  const glowGatewayActive = Boolean(glowRun);\n  const mistUpgradeActive = Boolean(glowRun && glowRun.status !== 'completed' && ['gateway.ready', 'gateway.return', 'gateway.offer', 'gateway.buy'].includes(glowRun.nodeId));\n  const glowScene = glowRun ? glowDiscoveryScene(glowRun.nodeId) : null;\n  const insets = useSafeAreaInsets();\n  const window = useWindowDimensions();\n  const r`... 67107 more characters,
    expected: /gardenOrders=\{\['world.garden_handoff', 'world.seed_planted'\].includes\(ftueStepId \?\? ''\) \? \[\] : gardenOrderEntries\}/,
    operator: 'match'
  }
✖ the roster, companion, and Block Blast use isolated route boundaries (10.6599ms)
  AssertionError [ERR_ASSERTION]: The input did not match the regular expression /isFocused \? \([\s\S]*?<FocusedKatchimeraRosterBoundary[\s\S]*?\) : null/. Input:
  
  "import { useStepplingGardenLesson } from '@/features/onboarding/steppling-garden-runtime';\n" +
    "import { useGlowDiscoveryState } from '@/features/onboarding/glow-discovery-runtime';\n" +
    "import { glowDiscoveryResumeWorld } from '@/features/onboarding/glow-discovery-flow';\n" +
    "import { useCompanionCameraCover } from '@/hooks/use-companion-camera-cover';\n" +
    "import { useFocusEffect, useIsFocused } from '@react-navigation/native';\n" +
    "import { useRouter } from 'expo-router';\n" +
    "import { GLOW_GATEWAY_ID } from '@/utils/merge-world/glow-discovery-policy';\n" +
    "import { sharedWorldIncludesCompanion } from '@/constants/shared-world';\n" +
    "import { lazy, Suspense, useCallback, useEffect, useMemo, useRef, useState, type RefObject } from 'react';\n" +
    "import { BackHandler, Pressable, StyleSheet, View, type View as ViewType } from 'react-native';\n" +
    "import { useSafeAreaInsets } from 'react-native-safe-area-context';\n" +
    '\n' +
    'import {\n' +
    '  HavenHexSelectorCanvas,\n' +
    '  IMPLEMENTED_KATCHIMERA_WORLDS,\n' +
    '  type HavenWorldMarker,\n' +
    "} from '@/components/katchadeck/world/haven-hex-selector-canvas';\n" +
    "import { GameCurrencyHud } from '@/components/katchadeck/ui/game-currency-hud';\n" +
    "import { GameHudBar } from '@/components/katchadeck/ui/game-primitives';\n" +
    "import { EggAvatar } from '@/components/katchadeck/egg-avatar/egg-avatar';\n" +
    'import {\n' +
    '  type KingdomResidentStatusGlyph,\n' +
    "} from '@/components/katchadeck/world/kingdom-hex-canvas';\n" +
    "import { useAllDays } from '@/hooks/use-all-days';\n" +
    "import { useCompanionDiscoveryRecords } from '@/hooks/use-companion-discovery-records';\n" +
    "import { useDevAllKatchimerasAvailable } from '@/hooks/use-dev-all-katchimeras-available';\n" +
    "import { homeRepository } from '@/storage/repositories/home-repository';\n" +
    "import type { KingdomCreature } from '@/types/kingdom';\n" +
    "import { loadCompanionBondState } from '@/utils/companion-bond-storage';\n" +
    "import { todayAtmosphereBackgroundForDay, type TodayAtmosphereBackground } from '@/utils/day-background-scene';\n" +
    "import { companionIdResolverForHomeState } from '@/utils/katchimera-identity';\n" +
    "import { loadCompanionQuests, questFor } from '@/utils/katchimera-quests';\n" +
    "import { applyWardrobeToKingdom } from '@/utils/katchimera-wardrobe';\n" +
    "import { loadKatchimeraWardrobe } from '@/utils/katchimera-wardrobe-storage';\n" +
    "import { deriveKingdom } from '@/utils/kingdom-engine';\n" +
    "import { deriveResidents, type HatchRecord } from '@/utils/kingdom-residents';\n" +
    "import { withDevAvailableKatchimeras } from '@/utils/dev-katchimera-availability';\n" +
    "import { withDiscoveredKatchimeras } from '@/utils/discovered-katchimera-availability';\n" +
    "import { kingdomCompanionHexSlots, type KingdomHexCompanionSlot } from '@/utils/katchimera-kingdom-slots';\n" +
    "import { useGameScreenTransition, useGameSurfaceReadiness } from '@/features/navigation/game-screen-transition';\n" +
    "import type { KatchimeraFamilyId } from '@/types/katchimera';\n" +
    "import type { MergeCharacterId, MergeWorldState } from '@/types/merge-world';\n" +
    "import { MergeWorldProvider, useMergeWorldState } from '@/features/merge-world/merge-world-provider';\n" +
    "import { advanceFtueActionDurably, commitFtueAction, useFtueRun } from '@/features/onboarding/ftue-runtime';\n" +
    "import { useHavenTileStages } from '@/hooks/use-haven-tile-stages';\n" +
    "import { useEggAvatar } from '@/features/egg-avatar/egg-avatar-provider';\n" +
    "import { GAME_CURRENCY_ART } from '@/constants/game-currency-art';\n" +
    "import { ftueLocksSurfaceNavigation } from '@/features/onboarding/ftue-navigation-policy';\n" +
    "import { loadWorldIdentity } from '@/utils/world-identity';\n" +
    "import { deriveTomorrowDayRecord, hydrateAllDays } from '@/game/days';\n" +
    "import { loadOnboardingProfile } from '@/utils/onboarding-state';\n" +
    "import { katchimeraFamilyById } from '@/constants/katchimera-skins';\n" +
    "import { resolveCreatureArtSource } from '@/utils/creature-art';\n" +
    "import { deriveHavenTilePresentation } from '@/utils/haven-tile-presentation';\n" +
    "import { readyMergeOrderIds } from '@/utils/merge-world/engine';\n" +
    "import type { KingdomCameraSnapshot } from '@/utils/kingdom-rendering';\n" +
    "import { mossproutWorldUsesEggRenderer, type WorldFtueSubjectPresentation } from '@/components/katchadeck/world/world-ftue-subject-presentation';\n" +
    "import type { MossproutWorldInteractionRequest } from '@/components/katchadeck/world/mossprout-world-interaction';\n" +
    '\n' +
    "type KatchimeraKingdomScreenModule = typeof import('@/components/katchadeck/roster/katchimera-kingdom-screen');\n" +
    '\n' +
    'let katchimeraKingdomScreenModulePromise: Promise<KatchimeraKingdomScreenModule> | null = null;\n' +
    '\n' +
    'function loadKatchimeraKingdomScreenModule() {\n' +
    "  katchimeraKingdomScreenModulePromise ??= import('@/components/katchadeck/roster/katchimera-kingdom-screen');\n" +
    '  return katchimeraKingdomScreenModulePromise;\n' +
    '}\n' +
    '\n' +
    'const LazyKatchimeraKingdomScreen = lazy(async () => {\n' +
    '  const module = await loadKatchimeraKingdomScreenModule();\n' +
    '  return { default: module.KatchimeraKingdomScreen };\n' +
    '});\n' +
    '\n' +
    'function cameraSnapshotsEqual(left: KingdomCameraSnapshot | null, right: KingdomCameraSnapshot | null) {\n' +
    '  if (left === right) return true;\n' +
    '  if (!left || !right) return false;\n' +
    '  return Math.abs(left.tx - right.tx) < 0.01\n' +
    '    && Math.abs(left.ty - right.ty) < 0.01\n' +
    '    && Math.abs(left.scale - right.scale) < 0.0001;\n' +
    '}\n' +
    '\n' +
    'function hatchTimestamp(creature: KingdomCreature, index: number): number {\n' +
    '  const time = Date.parse(`${creature.isoDate}T00:00:00`);\n' +
    '  return Number.isFinite(time) ? time + index : index;\n' +
    '}\n' +
    '\n' +
    'function loadRosterPersistentState() {\n' +
    '  const homeState = homeRepository.load();\n' +
    '  const resolveCompanionId = companionIdResolverForHomeState(homeState);\n' +
    '  const quests = loadCompanionQuests(resolveCompanionId);\n' +
    '  return {\n' +
    '    bond: loadCompanionBondState(quests, resolveCompanionId, homeState),\n' +
    '    quests,\n' +
    '    wardrobe: loadKatchimeraWardrobe(),\n' +
    '  };\n' +
    '}\n' +
    '\n' +
    'type RosterPersistentState = ReturnType<typeof loadRosterPersistentState>;\n' +
    '\n' +
    'function rosterPersistentFingerprint(state: RosterPersistentState): string {\n' +
    '  const activeQuestOwners = state.quests.quests\n' +
    '    .filter((quest) => !quest.completedAt)\n' +
    '    .map((quest) => quest.creatureId)\n' +
    '    .sort();\n' +
    '  const equippedSkins = Object.entries(state.wardrobe.equippedByFamily)\n' +
    '    .sort(([left], [right]) => left.localeCompare(right));\n' +
    '  return JSON.stringify([state.bond.events, activeQuestOwners, equippedSkins]);\n' +
    '}\n' +
    '\n' +
    'function loadRosterPersistentSnapshot() {\n' +
    '  const state = loadRosterPersistentState();\n' +
    '  return { fingerprint: rosterPersistentFingerprint(state), state };\n' +
    '}\n' +
    '\n' +
    '/**\n' +
    ' * The tab owns only the collection read model. Companion, journey, discovery,\n' +
    ' * journal, and mini-game controllers mount on their dedicated routes.\n' +
    ' */\n' +
    'export type KatchimeraWorldSession = {\n' +
    '  cameraSnapshots?: Partial<Record<KatchimeraFamilyId, KingdomCameraSnapshot>>;\n' +
    '  activeWorldFamilyId: KatchimeraFamilyId | null;\n' +
    '  cameraSnapshot: KingdomCameraSnapshot | null;\n' +
    '};\n' +
    '\n' +
    'type KatchimeraRosterRouteScreenProps = {\n' +
    '  interactionRequest?: MossproutWorldInteractionRequest | null;\n' +
    '  onInteractionRequestConsumed?: () => void;\n' +
    '  onWorldSessionChange?: (session: KatchimeraWorldSession) => void;\n' +
    '  worldEggTargetRef?: RefObject<ViewType | null>;\n' +
    '  worldSession?: KatchimeraWorldSession;\n' +
    '  worldSubjectPresentation?: WorldFtueSubjectPresentation | null;\n' +
    '};\n' +
    '\n' +
    'const EMPTY_WORLD_SESSION: KatchimeraWorldSession = { activeWorldFamilyId: null, cameraSnapshot: null };\n' +
    '\n' +
    'export function KatchimeraRosterRouteScreen({\n' +
    '  interactionRequest = null,\n' +
    '  onInteractionRequestConsumed,\n' +
    '  onWorldSessionChange,\n' +
    '  worldEggTargetRef,\n' +
    '  worldSession = EMPTY_WORLD_SESSION,\n' +
    '  worldSubjectPresentation = null,\n' +
    '}: KatchimeraRosterRouteScreenProps = {}) {\n' +
    '  const isFocused = useIsFocused();\n' +
    "  const cameraCovered = useCompanionCameraCover('/katchimeras');\n" +
    '  return isFocused || cameraCovered ? (\n' +
    '    <FocusedKatchimeraRosterBoundary\n' +
    '      interactionRequest={interactionRequest}\n' +
    '      onInteractionRequestConsumed={onInteractionRequestConsumed}\n' +
    '      onWorldSessionChange={onWorldSessionChange}\n' +
    '      worldEggTargetRef={worldEggTargetRef}\n' +
    '      worldSession={worldSession}\n' +
    '      worldSubjectPresentation={worldSubjectPresentation}\n' +
    '    />\n' +
    '  ) : null;\n' +
    '}\n' +
    '\n' +
    "function FocusedKatchimeraRosterBoundary({ interactionRequest, onInteractionRequestConsumed, onWorldSessionChange, worldEggTargetRef, worldSession, worldSubjectPresentation }: Required<Pick<KatchimeraRosterRouteScreenProps, 'worldSession'>> & Pick<KatchimeraRosterRouteScreenProps, 'interactionRequest' | 'onInteractionRequestConsumed' | 'onWorldSessionChange' | 'worldEggTargetRef' | 'worldSubjectPresentation'>) {\n" +
    '  const { days } = useAllDays({ refreshOnFocus: false });\n' +
    '  const mergePersistent = useMemo(() => {\n' +
    '    const now = new Date();\n' +
    '    const homeState = homeRepository.load();\n' +
    '    const profile = loadOnboardingProfile();\n' +
    '    const hydratedDays = hydrateAllDays(homeState, profile, now);\n' +
    '    const currentDays = hydratedDays.length > 0 ? hydratedDays : days;\n' +
    '    const activityDays = homeState?.tomorrow\n' +
    '      ? [...currentDays, deriveTomorrowDayRecord(homeState, profile, now)]\n' +
    '      : currentDays;\n' +
    '    const resolveCompanionId = companionIdResolverForHomeState(homeState);\n' +
    '    return {\n' +
    '      activityDays,\n' +
    "      characterIds: ['mossprout'],\n" +
    '      quests: loadCompanionQuests(resolveCompanionId),\n' +
    '    };\n' +
    '  }, [days]);\n' +
    '\n' +
    '  return (\n' +
    '    <MergeWorldProvider\n' +
    '      active\n' +
    '      characterIds={mergePersistent.characterIds}\n' +
    '      days={mergePersistent.activityDays}\n' +
    '      featuredCharacterId="mossprout"\n' +
    '      questState={mergePersistent.quests}>\n' +
    '      <FocusedKatchimeraRoster days={days} interactionRequest={interactionRequest} onInteractionRequestConsumed={onInteractionRequestConsumed} onWorldSessionChange={onWorldSessionChange} worldEggTargetRef={worldEggTargetRef} worldSession={worldSession} worldSubjectPresentation={worldSubjectPresentation} />\n' +
    '    </MergeWorldProvider>\n' +
    '  );\n' +
    '}\n' +
    '\n' +
    'function FocusedKatchimeraRoster({ days, interactionRequest, onInteractionRequestConsumed, onWorldSessionChange, worldEggTargetRef, worldSession, worldSubjectPresentation }: {\n' +
    "  days: ReturnType<typeof useAllDays>['days'];\n" +
    '  interactionRequest?: MossproutWorldInteractionRequest | null;\n' +
    '  onInteractionRequestConsumed?: () => void;\n' +
    '  onWorldSes'... 17062 more characters
  
      at TestContext.<anonymous> (C:\Users\daruk\Projects\Katchimeras\katchimeras\apps\katchimeras\tests\katchimera-roster.test.ts:492:10)
      at Test.runInAsyncScope (node:async_hooks:211:14)
      at Test.run (node:internal/test_runner/test:934:25)
      at Test.processPendingSubtests (node:internal/test_runner/test:633:18)
      at Test.postRun (node:internal/test_runner/test:1045:19)
      at Test.run (node:internal/test_runner/test:973:12)
      at async Test.processPendingSubtests (node:internal/test_runner/test:633:7) {
    generatedMessage: true,
    code: 'ERR_ASSERTION',
    actual: 'import { useStepplingGardenLesson } from \'@/features/onboarding/steppling-garden-runtime\';\nimport { useGlowDiscoveryState } from \'@/features/onboarding/glow-discovery-runtime\';\nimport { glowDiscoveryResumeWorld } from \'@/features/onboarding/glow-discovery-flow\';\nimport { useCompanionCameraCover } from \'@/hooks/use-companion-camera-cover\';\nimport { useFocusEffect, useIsFocused } from \'@react-navigation/native\';\nimport { useRouter } from \'expo-router\';\nimport { GLOW_GATEWAY_ID } from \'@/utils/merge-world/glow-discovery-policy\';\nimport { sharedWorldIncludesCompanion } from \'@/constants/shared-world\';\nimport { lazy, Suspense, useCallback, useEffect, useMemo, useRef, useState, type RefObject } from \'react\';\nimport { BackHandler, Pressable, StyleSheet, View, type View as ViewType } from \'react-native\';\nimport { useSafeAreaInsets } from \'react-native-safe-area-context\';\n\nimport {\n  HavenHexSelectorCanvas,\n  IMPLEMENTED_KATCHIMERA_WORLDS,\n  type HavenWorldMarker,\n} from \'@/components/katchadeck/world/haven-hex-selector-canvas\';\nimport { GameCurrencyHud } from \'@/components/katchadeck/ui/game-currency-hud\';\nimport { GameHudBar } from \'@/components/katchadeck/ui/game-primitives\';\nimport { EggAvatar } from \'@/components/katchadeck/egg-avatar/egg-avatar\';\nimport {\n  type KingdomResidentStatusGlyph,\n} from \'@/components/katchadeck/world/kingdom-hex-canvas\';\nimport { useAllDays } from \'@/hooks/use-all-days\';\nimport { useCompanionDiscoveryRecords } from \'@/hooks/use-companion-discovery-records\';\nimport { useDevAllKatchimerasAvailable } from \'@/hooks/use-dev-all-katchimeras-available\';\nimport { homeRepository } from \'@/storage/repositories/home-repository\';\nimport type { KingdomCreature } from \'@/types/kingdom\';\nimport { loadCompanionBondState } from \'@/utils/companion-bond-storage\';\nimport { todayAtmosphereBackgroundForDay, type TodayAtmosphereBackground } from \'@/utils/day-background-scene\';\nimport { companionIdResolverForHomeState } from \'@/utils/katchimera-identity\';\nimport { loadCompanionQuests, questFor } from \'@/utils/katchimera-quests\';\nimport { applyWardrobeToKingdom } from \'@/utils/katchimera-wardrobe\';\nimport { loadKatchimeraWardrobe } from \'@/utils/katchimera-wardrobe-storage\';\nimport { deriveKingdom } from \'@/utils/kingdom-engine\';\nimport { deriveResidents, type HatchRecord } from \'@/utils/kingdom-residents\';\nimport { withDevAvailableKatchimeras } from \'@/utils/dev-katchimera-availability\';\nimport { withDiscoveredKatchimeras } from \'@/utils/discovered-katchimera-availability\';\nimport { kingdomCompanionHexSlots, type KingdomHexCompanionSlot } from \'@/utils/katchimera-kingdom-slots\';\nimport { useGameScreenTransition, useGameSurfaceReadiness } from \'@/features/navigation/game-screen-transition\';\nimport type { KatchimeraFamilyId } from \'@/types/katchimera\';\nimport type { MergeCharacterId, MergeWorldState } from \'@/types/merge-world\';\nimport { MergeWorldProvider, useMergeWorldState } from \'@/features/merge-world/merge-world-provider\';\nimport { advanceFtueActionDurably, commitFtueAction, useFtueRun } from \'@/features/onboarding/ftue-runtime\';\nimport { useHavenTileStages } from \'@/hooks/use-haven-tile-stages\';\nimport { useEggAvatar } from \'@/features/egg-avatar/egg-avatar-provider\';\nimport { GAME_CURRENCY_ART } from \'@/constants/game-currency-art\';\nimport { ftueLocksSurfaceNavigation } from \'@/features/onboarding/ftue-navigation-policy\';\nimport { loadWorldIdentity } from \'@/utils/world-identity\';\nimport { deriveTomorrowDayRecord, hydrateAllDays } from \'@/game/days\';\nimport { loadOnboardingProfile } from \'@/utils/onboarding-state\';\nimport { katchimeraFamilyById } from \'@/constants/katchimera-skins\';\nimport { resolveCreatureArtSource } from \'@/utils/creature-art\';\nimport { deriveHavenTilePresentation } from \'@/utils/haven-tile-presentation\';\nimport { readyMergeOrderIds } from \'@/utils/merge-world/engine\';\nimport type { KingdomCameraSnapshot } from \'@/utils/kingdom-rendering\';\nimport { mossproutWorldUsesEggRenderer, type WorldFtueSubjectPresentation } from \'@/components/katchadeck/world/world-ftue-subject-presentation\';\nimport type { MossproutWorldInteractionRequest } from \'@/components/katchadeck/world/mossprout-world-interaction\';\n\ntype KatchimeraKingdomScreenModule = typeof import(\'@/components/katchadeck/roster/katchimera-kingdom-screen\');\n\nlet katchimeraKingdomScreenModulePromise: Promise<KatchimeraKingdomScreenModule> | null = null;\n\nfunction loadKatchimeraKingdomScreenModule() {\n  katchimeraKingdomScreenModulePromise ??= import(\'@/components/katchadeck/roster/katchimera-kingdom-screen\');\n  return katchimeraKingdomScreenModulePromise;\n}\n\nconst LazyKatchimeraKingdomScreen = lazy(async () => {\n  const module = await loadKatchimeraKingdomScreenModule();\n  return { default: module.KatchimeraKingdomScreen };\n});\n\nfunction cameraSnapshotsEqual(left: KingdomCameraSnapshot | null, right: KingdomCameraSnapshot | null) {\n  if (left === right) return true;\n  if (!left || !right) return false;\n  return Math.abs(left.tx - right.tx) < 0.01\n    && Math.abs(left.ty - right.ty) < 0.01\n    && Math.abs(left.scale - right.scale) < 0.0001;\n}\n\nfunction hatchTimestamp(creature: KingdomCreature, index: number): number {\n  const time = Date.parse(`${creature.isoDate}T00:00:00`);\n  return Number.isFinite(time) ? time + index : index;\n}\n\nfunction loadRosterPersistentState() {\n  const homeState = homeRepository.load();\n  const resolveCompanionId = companionIdResolverForHomeState(homeState);\n  const quests = loadCompanionQuests(resolveCompanionId);\n  return {\n    bond: loadCompanionBondState(quests, resolveCompanionId, homeState),\n    quests,\n    wardrobe: loadKatchimeraWardrobe(),\n  };\n}\n\ntype RosterPersistentState = ReturnType<typeof loadRosterPersistentState>;\n\nfunction rosterPersistentFingerprint(state: RosterPersistentState): string {\n  const activeQuestOwners = state.quests.quests\n    .filter((quest) => !quest.completedAt)\n    .map((quest) => quest.creatureId)\n    .sort();\n  const equippedSkins = Object.entries(state.wardrobe.equippedByFamily)\n    .sort(([left], [right]) => left.localeCompare(right));\n  return JSON.stringify([state.bond.events, activeQuestOwners, equippedSkins]);\n}\n\nfunction loadRosterPersistentSnapshot() {\n  const state = loadRosterPersistentState();\n  return { fingerprint: rosterPersistentFingerprint(state), state };\n}\n\n/**\n * The tab owns only the collection read model. Companion, journey, discovery,\n * journal, and mini-game controllers mount on their dedicated routes.\n */\nexport type KatchimeraWorldSession = {\n  cameraSnapshots?: Partial<Record<KatchimeraFamilyId, KingdomCameraSnapshot>>;\n  activeWorldFamilyId: KatchimeraFamilyId | null;\n  cameraSnapshot: KingdomCameraSnapshot | null;\n};\n\ntype KatchimeraRosterRouteScreenProps = {\n  interactionRequest?: MossproutWorldInteractionRequest | null;\n  onInteractionRequestConsumed?: () => void;\n  onWorldSessionChange?: (session: KatchimeraWorldSession) => void;\n  worldEggTargetRef?: RefObject<ViewType | null>;\n  worldSession?: KatchimeraWorldSession;\n  worldSubjectPresentation?: WorldFtueSubjectPresentation | null;\n};\n\nconst EMPTY_WORLD_SESSION: KatchimeraWorldSession = { activeWorldFamilyId: null, cameraSnapshot: null };\n\nexport function KatchimeraRosterRouteScreen({\n  interactionRequest = null,\n  onInteractionRequestConsumed,\n  onWorldSessionChange,\n  worldEggTargetRef,\n  worldSession = EMPTY_WORLD_SESSION,\n  worldSubjectPresentation = null,\n}: KatchimeraRosterRouteScreenProps = {}) {\n  const isFocused = useIsFocused();\n  const cameraCovered = useCompanionCameraCover(\'/katchimeras\');\n  return isFocused || cameraCovered ? (\n    <FocusedKatchimeraRosterBoundary\n      interactionRequest={interactionRequest}\n      onInteractionRequestConsumed={onInteractionRequestConsumed}\n      onWorldSessionChange={onWorldSessionChange}\n      worldEggTargetRef={worldEggTargetRef}\n      worldSession={worldSession}\n      worldSubjectPresentation={worldSubjectPresentation}\n    />\n  ) : null;\n}\n\nfunction FocusedKatchimeraRosterBoundary({ interactionRequest, onInteractionRequestConsumed, onWorldSessionChange, worldEggTargetRef, worldSession, worldSubjectPresentation }: Required<Pick<KatchimeraRosterRouteScreenProps, \'worldSession\'>> & Pick<KatchimeraRosterRouteScreenProps, \'interactionRequest\' | \'onInteractionRequestConsumed\' | \'onWorldSessionChange\' | \'worldEggTargetRef\' | \'worldSubjectPresentation\'>) {\n  const { days } = useAllDays({ refreshOnFocus: false });\n  const mergePersistent = useMemo(() => {\n    const now = new Date();\n    const homeState = homeRepository.load();\n    const profile = loadOnboardingProfile();\n    const hydratedDays = hydrateAllDays(homeState, profile, now);\n    const currentDays = hydratedDays.length > 0 ? hydratedDays : days;\n    const activityDays = homeState?.tomorrow\n      ? [...currentDays, deriveTomorrowDayRecord(homeState, profile, now)]\n      : currentDays;\n    const resolveCompanionId = companionIdResolverForHomeState(homeState);\n    return {\n      activityDays,\n      characterIds: [\'mossprout\'],\n      quests: loadCompanionQuests(resolveCompanionId),\n    };\n  }, [days]);\n\n  return (\n    <MergeWorldProvider\n      active\n      characterIds={mergePersistent.characterIds}\n      days={mergePersistent.activityDays}\n      featuredCharacterId="mossprout"\n      questState={mergePersistent.quests}>\n      <FocusedKatchimeraRoster days={days} interactionRequest={interactionRequest} onInteractionRequestConsumed={onInteractionRequestConsumed} onWorldSessionChange={onWorldSessionChange} worldEggTargetRef={worldEggTargetRef} worldSession={worldSession} worldSubjectPresentation={worldSubjectPresentation} />\n    </MergeWorldProvider>\n  );\n}\n\nfunction FocusedKatchimeraRoster({ days, interactionRequest, onInteractionRequestConsumed, onWorldSessionChange, worldEggTargetRef, worldSession, worldSubjectPresentation }: {\n  days: ReturnType<typeof useAllDays>[\'days\'];\n  interactionRequest?: MossproutWorldInteractionRequest | null;\n  onInteractionRequestConsumed?: () => void;\n  onWorldSes'... 17062 more characters,
    expected: /isFocused \? \([\s\S]*?<FocusedKatchimeraRosterBoundary[\s\S]*?\) : null/,
    operator: 'match'
  }
✖ shared dialogue portrait preserves the world-selector circle and art geometry (111.5186ms)
  AssertionError [ERR_ASSERTION]: Expected values to be strictly equal:
  + actual - expected
  
  + 9.230769230769232
  - 9.23076923076923
                    ^
      at TestContext.<anonymous> (C:\Users\daruk\Projects\Katchimeras\katchimeras\apps\katchimeras\tests\world-upgrade-v2.test.tsx:26:12)
      at Test.runInAsyncScope (node:async_hooks:211:14)
      at Test.run (node:internal/test_runner/test:934:25)
      at Test.start (node:internal/test_runner/test:833:17)
      at startSubtestAfterBootstrap (node:internal/test_runner/harness:296:17) {
    generatedMessage: true,
    code: 'ERR_ASSERTION',
    actual: 9.230769230769232,
    expected: 9.23076923076923,
    operator: 'strictEqual'
  }
