[bacons/apple-targets] Expo config is missing required ios.appleTeamId property. Find this in Xcode and add to the Expo Config to correct. iOS builds may fail until this is corrected.
C:\Users\daruk\Projects\Katchimeras\katchimeras\katchimeras\node_modules\expo\node_modules\@expo\cli\build\src\utils\errors.js:130
    throw error;
    ^

Error: ENOENT: no such file or directory, watch 'C:\Users\daruk\Projects\Katchimeras\katchimeras\katchimeras\node_modules\@tybys\wasm-util\lib\mjs\wasi'
    at FSWatcher.<computed> (node:internal/fs/watchers:247:19)
    at Object.watch (node:fs:2468:36)
    at FallbackWatcher._watchdir (C:\Users\daruk\Projects\Katchimeras\katchimeras\katchimeras\node_modules\metro-file-map\src\watchers\FallbackWatcher.js:119:33)
    at C:\Users\daruk\Projects\Katchimeras\katchimeras\katchimeras\node_modules\metro-file-map\src\watchers\FallbackWatcher.js:219:22
    at Walker.<anonymous> (C:\Users\daruk\Projects\Katchimeras\katchimeras\katchimeras\node_modules\metro-file-map\src\watchers\FallbackWatcher.js:358:5)
    at Walker.emit (node:events:518:28)
    at C:\Users\daruk\Projects\Katchimeras\katchimeras\katchimeras\node_modules\walker\lib\walker.js:69:16
    at FSReqCallback.oncomplete (node:fs:187:23) {
  errno: -4058,
  syscall: 'watch',
  code: 'ENOENT',
  path: 'C:\\Users\\daruk\\Projects\\Katchimeras\\katchimeras\\katchimeras\\node_modules\\@tybys\\wasm-util\\lib\\mjs\\wasi',
  filename: 'C:\\Users\\daruk\\Projects\\Katchimeras\\katchimeras\\katchimeras\\node_modules\\@tybys\\wasm-util\\lib\\mjs\\wasi'
}

Node.js v22.11.0
